<?xml version="1.0" encoding="UTF-8"?>
<testsuites name="jest tests" tests="3" failures="0" errors="0" time="7.227">
  <testsuite name="UPLOAD" errors="0" failures="0" skipped="0" timestamp="2024-04-19T22:49:00" time="6.883" tests="3">
    <testcase classname="UPLOAD upload single document" name="UPLOAD upload single document" time="0.841">
    </testcase>
    <testcase classname="UPLOAD upload multiple documents" name="UPLOAD upload multiple documents" time="1.042">
    </testcase>
    <testcase classname="UPLOAD upload multiple documents" name="UPLOAD upload multiple documents" time="1.05">
    </testcase>
  </testsuite>
</testsuites>