<?xml version="1.0" encoding="UTF-8"?>
<testsuites name="jest tests" tests="3" failures="0" errors="0" time="7.093">
  <testsuite name="UPLOAD" errors="0" failures="0" skipped="0" timestamp="2024-04-19T23:46:38" time="6.791" tests="3">
    <testcase classname="UPLOAD upload single document" name="UPLOAD upload single document" time="1.061">
    </testcase>
    <testcase classname="UPLOAD upload multiple documents" name="UPLOAD upload multiple documents" time="0.902">
    </testcase>
    <testcase classname="UPLOAD upload multiple documents" name="UPLOAD upload multiple documents" time="0.905">
    </testcase>
  </testsuite>
</testsuites>